mode: set
taxgo/tax.go:3.43,4.17 1 1
taxgo/tax.go:4.17,6.3 1 1
taxgo/tax.go:7.2,7.20 1 1
taxgo/tax.go:7.20,9.3 1 1
taxgo/tax.go:11.2,11.12 1 1
